// Jest Snapshot v1, https://goo.gl/fbAQLP

exports[`<Drawer /> should render to snapshot 1`] = `
<div
  className="MuiDrawer-root MuiDrawer-docked makeStyles-drawer-1"
>
  <div
    className="MuiPaper-root MuiDrawer-paper makeStyles-drawerPaper-2 MuiDrawer-paperAnchorLeft MuiDrawer-paperAnchorDockedLeft MuiPaper-elevation0"
  >
    <ul
      className="MuiList-root MuiList-padding"
    >
      <a
        aria-disabled={false}
        className="MuiButtonBase-root MuiListItem-root MuiListItem-gutters MuiListItem-button"
        href="/"
        onBlur={[Function]}
        onClick={[Function]}
        onDragLeave={[Function]}
        onFocus={[Function]}
        onKeyDown={[Function]}
        onKeyUp={[Function]}
        onMouseDown={[Function]}
        onMouseLeave={[Function]}
        onMouseUp={[Function]}
        onTouchEnd={[Function]}
        onTouchMove={[Function]}
        onTouchStart={[Function]}
        role="button"
        tabIndex={0}
      >
        <div
          className="MuiListItemIcon-root"
        >
          <svg
            aria-hidden="true"
            className="MuiSvgIcon-root"
            focusable="false"
            viewBox="0 0 24 24"
          >
            <path
              d="M18 8h-1V6c0-2.76-2.24-5-5-5S7 3.24 7 6v2H6c-1.1 0-2 .9-2 2v10c0 1.1.9 2 2 2h12c1.1 0 2-.9 2-2V10c0-1.1-.9-2-2-2zm-6 9c-1.1 0-2-.9-2-2s.9-2 2-2 2 .9 2 2-.9 2-2 2zm3.1-9H8.9V6c0-1.71 1.39-3.1 3.1-3.1 1.71 0 3.1 1.39 3.1 3.1v2z"
            />
          </svg>
        </div>
        <div
          className="MuiListItemText-root"
        >
          <span
            className="MuiTypography-root MuiListItemText-primary MuiTypography-body1 MuiTypography-displayBlock"
          >
            Home
          </span>
        </div>
      </a>
      <a
        aria-disabled={false}
        className="MuiButtonBase-root MuiListItem-root MuiListItem-gutters MuiListItem-button"
        href="/protected"
        onBlur={[Function]}
        onClick={[Function]}
        onDragLeave={[Function]}
        onFocus={[Function]}
        onKeyDown={[Function]}
        onKeyUp={[Function]}
        onMouseDown={[Function]}
        onMouseLeave={[Function]}
        onMouseUp={[Function]}
        onTouchEnd={[Function]}
        onTouchMove={[Function]}
        onTouchStart={[Function]}
        role="button"
        tabIndex={0}
      >
        <div
          className="MuiListItemIcon-root"
        >
          <svg
            aria-hidden="true"
            className="MuiSvgIcon-root"
            focusable="false"
            viewBox="0 0 24 24"
          >
            <path
              d="M18 8h-1V6c0-2.76-2.24-5-5-5S7 3.24 7 6v2H6c-1.1 0-2 .9-2 2v10c0 1.1.9 2 2 2h12c1.1 0 2-.9 2-2V10c0-1.1-.9-2-2-2zm-6 9c-1.1 0-2-.9-2-2s.9-2 2-2 2 .9 2 2-.9 2-2 2zm3.1-9H8.9V6c0-1.71 1.39-3.1 3.1-3.1 1.71 0 3.1 1.39 3.1 3.1v2z"
            />
          </svg>
        </div>
        <div
          className="MuiListItemText-root"
        >
          <span
            className="MuiTypography-root MuiListItemText-primary MuiTypography-body1 MuiTypography-displayBlock"
          >
            Protected
          </span>
        </div>
      </a>
    </ul>
    <hr
      className="MuiDivider-root"
    />
    <div
      aria-disabled={false}
      className="MuiButtonBase-root MuiListItem-root MuiListItem-gutters MuiListItem-button"
      onBlur={[Function]}
      onClick={[Function]}
      onDragLeave={[Function]}
      onFocus={[Function]}
      onKeyDown={[Function]}
      onKeyUp={[Function]}
      onMouseDown={[Function]}
      onMouseLeave={[Function]}
      onMouseUp={[Function]}
      onTouchEnd={[Function]}
      onTouchMove={[Function]}
      onTouchStart={[Function]}
      role="button"
      tabIndex={0}
    >
      <div
        className="MuiListItemIcon-root"
      >
        <svg
          aria-hidden="true"
          className="MuiSvgIcon-root"
          focusable="false"
          viewBox="0 0 24 24"
        >
          <path
            d="M13 3h-2v10h2V3zm4.83 2.17l-1.42 1.42C17.99 7.86 19 9.81 19 12c0 3.87-3.13 7-7 7s-7-3.13-7-7c0-2.19 1.01-4.14 2.58-5.42L6.17 5.17C4.23 6.82 3 9.26 3 12c0 4.97 4.03 9 9 9s9-4.03 9-9c0-2.74-1.23-5.18-3.17-6.83z"
          />
        </svg>
      </div>
      <div
        className="MuiListItemText-root"
      >
        <span
          className="MuiTypography-root MuiListItemText-primary MuiTypography-body1 MuiTypography-displayBlock"
        >
          Logout
        </span>
      </div>
    </div>
  </div>
</div>
`;
